{
  "generated_at": "2026-09-26T00:50:48.053Z",
  "source": "Wikimedia Commons API",
  "purpose": "READ_ONLY_PROMETEO_ASSET_REPAIR_PROOF",
  "broken": {
    "spaces": "https://upload.wikimedia.org/wikipedia/commons/thumb/9/9c/Dark_green_grey_flecked_speckled_spotted_clean_marble_cemented_building_wall_square_checkered_tile_texture.jpg/1024px-Dark_green_grey_flecked_speckled_spotted_clean_marble_cemented_building_wall_square_checkered_tile_texture.jpg",
    "eye": "https://upload.wikimedia.org/wikipedia/commons/0/0e/Cat_Eye_%28Free_to_Use_Stock_Video_Footage%29.webm"
  },
  "license_filter": "Public domain / CC0 / CC BY / CC BY-SA",
  "selected": {
    "spaces": {
      "title": "Kolmårdsmarmor Stadshuset.jpg",
      "mime": "image/jpeg",
      "bytes": 2043410,
      "url": "https://upload.wikimedia.org/wikipedia/commons/0/0f/Kolm%C3%A5rdsmarmor_Stadshuset.jpg?utm_source=commons.wikimedia.org&utm_campaign=imageinfo&utm_content=original",
      "thumb": "https://thumb.wikimedia.org/wikipedia/commons/thumb/0/0f/Kolm%C3%A5rdsmarmor_Stadshuset.jpg/1280px-Kolm%C3%A5rdsmarmor_Stadshuset.jpg?utm_source=commons.wikimedia.org&utm_campaign=imageinfo&utm_content=thumbnail",
      "source": "https://commons.wikimedia.org/wiki/File:Kolm%C3%A5rdsmarmor_Stadshuset.jpg",
      "license": "CC BY-SA 3.0",
      "artist": "Holger.Ellgaard",
      "description": "Kolmårdsmarmor i Stockholms stadshus (entrétrappa till tornet)",
      "probe": {
        "ok": true,
        "status": 206,
        "type": "image/jpeg",
        "length": 65536
      },
      "query": "green marble texture",
      "file": "assets/spaces-replacement.jpg",
      "kind": "image"
    },
    "eye": {
      "title": "Smooth pursuit eye movements.webm",
      "mime": "video/webm",
      "bytes": 2125024,
      "url": "https://upload.wikimedia.org/wikipedia/commons/f/f7/Smooth_pursuit_eye_movements.webm?utm_source=commons.wikimedia.org&utm_campaign=imageinfo&utm_content=original",
      "thumb": "https://thumb.wikimedia.org/wikipedia/commons/thumb/f/f7/Smooth_pursuit_eye_movements.webm/500px--Smooth_pursuit_eye_movements.webm.jpg?utm_source=commons.wikimedia.org&utm_campaign=imageinfo",
      "source": "https://commons.wikimedia.org/wiki/File:Smooth_pursuit_eye_movements.webm",
      "license": "CC BY-SA 4.0",
      "artist": "InkassoSchroeder",
      "description": "The video shows a recording of a participant performing a horizontal smooth pursuit task (5degree amplitude, 0,5Hz). The video was recorded using an infrared video-camera at the Pupils lab for Neuroscience, Tuebingen, Germany.",
      "probe": {
        "ok": true,
        "status": 206,
        "type": "video/webm",
        "length": 65536
      },
      "query": "human eye video",
      "file": "assets/eye-replacement.webm",
      "kind": "video"
    }
  },
  "counts": {
    "spaces_tested": 1,
    "eye_tested": 1
  },
  "errors": [],
  "status": "PASS"
}
